#INFO: **** input file is /home/jluis/src/git/scripts/chf/test/chf.py ****
#!/usr/bin/env python

import numpy
from functools import reduce
from pyscf import gto, scf, lo, dft, lib
from pyscf.tools import wfn_format, molden

def get_pop(dm, s, lmultipliers):

    label = mol.spheric_labels(False)

    #pop = numpy.einsum('ij,ji->i', dm,s)
    #chg1 = numpy.zeros(mol.natm)
    #qq1 = numpy.zeros(mol.natm)
    #for i, s1 in enumerate(label):
    #    chg1[s1[0]] += pop[i]
    #for ia in range(mol.natm):
    #    symb = mol.atom_symbol(ia)
    #    qq1[ia] = mol.atom_charge(ia)-chg1[ia]
    #    lib.logger.info(mf, 'Pop, Q, of %d %s = %12.6f %12.6f' \
    #    % (ia+1, symb, chg1[ia], qq1[ia]))

    nao = dm.shape[0]
    fock = numpy.zeros_like(dm)
    for ia in range(mol.natm):
        g = numpy.zeros_like(dm)
        iden = numpy.zeros_like(dm)
        for i, s1 in enumerate(label):
            if (s1[0]==ia):
                iden[i,:] = 1.0
        iden = 0.5*(iden+iden.T)
        #print iden
        #tmp = numpy.einsum('ij,ji->ij',iden,s)
        #tmp = numpy.einsum('ij,ji->',tmp,dm)
        #lib.logger.info(mf, 'Pop of %d = %12.6f' % (ia+1, tmp))
        g = numpy.einsum('ij,ji->ij', iden,s)
        fock += lmultipliers[ia]*g

    return fock

def get_cfock(h1e, s1e, vhf, dm, cycle=0, mf_diis=None):
    fock = old_get_fock(h1e, s1e, vhf, dm, cycle, mf_diis)
    fock -= get_pop(dm, s1e, multiplicadores) 
    return fock

mol = gto.Mole()
mol.verbose = 4
mol.atom = '''
Li  0.000000000000000  0.000000000000000  0.000000000000000
F   0.000000000000000  0.000000000000000  1.563900000000000
'''
mol.basis = '6-31g'
mol.spin = 0
mol.charge = 0
mol.symmetry = 0
mol.build()

mf = scf.RHF(mol)
mf.verbose = 0
mf.kernel()
dm = mf.make_rdm1()

multiplicadores = numpy.zeros(mol.natm)

my_diis_obj = scf.ADIIS()
my_diis_obj.diis_space = 14

x = [-0.1, -0.2, -0.3, -0.4, -0.5, -0.6, -0.7, -0.8, -0.9, -1.0, 0.0,
0.1, 0.2, 0.3, 0.4, 0.5, 0.6, 0.7, 0.8, 0.9, 1.0]
x = numpy.asarray(x)
ehf = []

#for b in x:
#    multiplicadores = [0.0,b]

multiplicadores = [0.0,0.3]
mf = scf.RHF(mol)
mf.conv_tol = 1e-6
mf.max_cycle = 120
mf.diis = my_diis_obj
old_get_fock = mf.get_fock
mf.get_fock = get_cfock 
#mf.verbose = 3
ehf.append(mf.kernel(dm0=dm))
mf.analyze(with_meta_lowdin=False)
dm = mf.make_rdm1()

name = 'lif_0p3'    
wfn_file = name + '.wfn'
with open(wfn_file, 'w') as f2:
    wfn_format.write_mo(f2, mol, mf.mo_coeff[:,mf.mo_occ>0], \
    mo_occ=mf.mo_occ[mf.mo_occ>0], mo_energy=mf.mo_energy[mf.mo_occ>0])

#INFO: ******************** input file end ********************


System: ('Linux', 'silicio', '3.16.0-4-amd64', '#1 SMP Debian 3.16.51-3 (2017-12-13)', 'x86_64', '')  Threads 12
Python 2.7.15 (default, Oct 25 2018, 01:35:55) 
[GCC 8.2.0]
numpy 1.15.3  scipy 1.1.0
Date: Thu Nov  1 03:08:44 2018
PySCF version 1.6a
PySCF path  /home/jluis/src/pyscf/dev/pyscf
GIT ORIG_HEAD 090d7a77795211ecfcdfc6ced606736fde25d1c7
GIT HEAD      ref: refs/heads/dev
GIT dev branch  27eb228cd9fdd7aebc89cf429224ff485f9c21c4

[ENV] PYSCF_TMPDIR /scratch-ssd/jluis
[CONFIG] conf_file None
[INPUT] verbose = 4
[INPUT] num. atoms = 2
[INPUT] num. electrons = 12
[INPUT] charge = 0
[INPUT] spin (= nelec alpha-beta = 2S) = 0
[INPUT] symmetry 0 subgroup None
[INPUT] Mole.unit = angstrom
[INPUT]  1 Li     0.000000000000   0.000000000000   0.000000000000 AA    0.000000000000   0.000000000000   0.000000000000 Bohr
[INPUT]  2 F      0.000000000000   0.000000000000   1.563900000000 AA    0.000000000000   0.000000000000   2.955342686207 Bohr

nuclear repulsion = 9.13599635196624
number of shells = 10
number of NR pGTOs = 44
number of NR cGTOs = 18
basis = 6-31g
ecp = {}
CPU time:         0.33


******** <class 'pyscf.scf.hf.RHF'> ********
method = RHF
initial guess = minao
damping factor = 0
level shift factor = 0
DIIS = <pyscf.scf.diis.ADIIS object at 0x2b8425ca6750>
DIIS start cycle = 1
DIIS space = 6
SCF tol = 1e-06
SCF gradient tol = None
max. SCF cycles = 120
direct_scf = True
direct_scf_tol = 1e-13
chkfile to save SCF result = /scratch-ssd/jluis/tmpZI2FPN
max_memory 4000 MB (current use 71 MB)
Set gradient conv threshold to 0.001
init E= -106.920889785846
  HOMO = -0.745571068856598  LUMO = 0.00379462815876541
cycle= 1 E= -106.8909934822  delta_E= 0.0299  |g|= 0.105  |ddm|= 0.689
  HOMO = -0.687402236926148  LUMO = -0.000252604524522471
cycle= 2 E= -106.882330849768  delta_E= 0.00866  |g|= 0.0362  |ddm|= 0.138
  HOMO = -0.687402236926148  LUMO = -0.000252604524522471
cycle= 3 E= -106.882330849768  delta_E=    0  |g|= 0.0362  |ddm|=    0
  HOMO = -0.687402236926148  LUMO = -0.000252604524522471
cycle= 4 E= -106.882330849768  delta_E=    0  |g|= 0.0362  |ddm|=    0
  HOMO = -0.687402236926148  LUMO = -0.000252604524522471
cycle= 5 E= -106.882330849768  delta_E=    0  |g|= 0.0362  |ddm|=    0
  HOMO = -0.687402236926148  LUMO = -0.000252604524522471
cycle= 6 E= -106.882330849768  delta_E=    0  |g|= 0.0362  |ddm|=    0
  HOMO = -0.687402236926148  LUMO = -0.000252604524522471
cycle= 7 E= -106.882330849768  delta_E=    0  |g|= 0.0362  |ddm|=    0
  HOMO = -0.705322261227985  LUMO = -0.000875477945443465
cycle= 8 E= -106.87974070863  delta_E= 0.00259  |g|= 0.0211  |ddm|= 0.0365
  HOMO = -0.705322261227985  LUMO = -0.000875477945443362
cycle= 9 E= -106.87974070863  delta_E= 7.11e-14  |g|= 0.0211  |ddm|= 2.97e-14
  HOMO = -0.705322261227984  LUMO = -0.000875477945444926
cycle= 10 E= -106.87974070863  delta_E= 2.84e-14  |g|= 0.0211  |ddm|= 1.7e-14
  HOMO = -0.705322261227984  LUMO = -0.000875477945445883
cycle= 11 E= -106.87974070863  delta_E= -9.95e-14  |g|= 0.0211  |ddm|= 9.72e-15
  HOMO = -0.705322261227985  LUMO = -0.000875477945444961
cycle= 12 E= -106.87974070863  delta_E= 2.84e-14  |g|= 0.0211  |ddm|= 1.75e-14
  HOMO = -0.705322261227985  LUMO = -0.000875477945445582
cycle= 13 E= -106.87974070863  delta_E= 2.84e-14  |g|= 0.0211  |ddm|= 2.98e-14
  HOMO = -0.693052434511333  LUMO = -0.00107113920297279
cycle= 14 E= -106.879482791228  delta_E= 0.000258  |g|= 0.0106  |ddm|= 0.0175
  HOMO = -0.693052434511335  LUMO = -0.00107113920297311
cycle= 15 E= -106.879482791228  delta_E= -2.84e-14  |g|= 0.0106  |ddm|= 8.75e-15
  HOMO = -0.693052434511334  LUMO = -0.00107113920297192
cycle= 16 E= -106.879482791228  delta_E=    0  |g|= 0.0106  |ddm|= 5.78e-15
  HOMO = -0.693052434511332  LUMO = -0.00107113920297318
cycle= 17 E= -106.879482791228  delta_E= -4.26e-14  |g|= 0.0106  |ddm|= 8.3e-15
  HOMO = -0.693052434511536  LUMO = -0.00107113920297224
cycle= 18 E= -106.879482791228  delta_E= 1.42e-14  |g|= 0.0106  |ddm|= 2.89e-13
  HOMO = -0.693052434511334  LUMO = -0.00107113920297217
cycle= 19 E= -106.879482791228  delta_E= 2.84e-14  |g|= 0.0106  |ddm|= 2.91e-13
  HOMO = -0.699134667808566  LUMO = -0.00109797643160586
cycle= 20 E= -106.879253073504  delta_E= 0.00023  |g|= 0.00589  |ddm|= 0.00857
  HOMO = -0.699134667808562  LUMO = -0.00109797643160902
cycle= 21 E= -106.879253073504  delta_E= 1.56e-13  |g|= 0.00589  |ddm|= 3.78e-14
  HOMO = -0.699134667808557  LUMO = -0.00109797643160827
cycle= 22 E= -106.879253073504  delta_E= -1.14e-13  |g|= 0.00589  |ddm|= 2.01e-14
  HOMO = -0.699134667808514  LUMO = -0.00109797643160741
cycle= 23 E= -106.879253073504  delta_E= 7.11e-14  |g|= 0.00589  |ddm|= 5.67e-14
  HOMO = -0.699134667808238  LUMO = -0.00109797643160861
cycle= 24 E= -106.879253073504  delta_E= -7.11e-14  |g|= 0.00589  |ddm|= 3.79e-13
  HOMO = -0.699134667808578  LUMO = -0.00109797643160553
cycle= 25 E= -106.879253073504  delta_E= -2.84e-14  |g|= 0.00589  |ddm|= 4.69e-13
  HOMO = -0.695735273904642  LUMO = -0.00111708145189651
cycle= 26 E= -106.879289630808  delta_E= -3.66e-05  |g|= 0.00313  |ddm|= 0.00472
  HOMO = -0.69754487361957  LUMO = -0.00111570480638292
cycle= 27 E= -106.879248731623  delta_E= 4.09e-05  |g|= 0.0017  |ddm|= 0.0025
  HOMO = -0.697544873623505  LUMO = -0.00111570480637976
cycle= 28 E= -106.879248731623  delta_E= 8.53e-14  |g|= 0.0017  |ddm|= 5.44e-12
  HOMO = -0.697544873623566  LUMO = -0.00111570480638073
cycle= 29 E= -106.879248731622  delta_E= 1.28e-13  |g|= 0.0017  |ddm|= 9.23e-14
  HOMO = -0.697544873623553  LUMO = -0.00111570480637989
cycle= 30 E= -106.879248731623  delta_E= -1.28e-13  |g|= 0.0017  |ddm|= 2.93e-14
  HOMO = -0.697544873616851  LUMO = -0.00111570480639709
cycle= 31 E= -106.879248731623  delta_E= -1.14e-13  |g|= 0.0017  |ddm|= 9.27e-12
  HOMO = -0.697544873623482  LUMO = -0.00111570480637918
cycle= 32 E= -106.879248731623  delta_E= 7.11e-14  |g|= 0.0017  |ddm|= 9.17e-12
  HOMO = -0.696563673886315  LUMO = -0.00111883046793149
cycle= 33 E= -106.879265467609  delta_E= -1.67e-05  |g|= 0.000914  |ddm|= 0.00136
  HOMO = -0.697092276288989  LUMO = -0.00111779024622102
cycle= 34 E= -106.879255062615  delta_E= 1.04e-05  |g|= 0.000494  |ddm|= 0.000731
  HOMO = -0.697092276281991  LUMO = -0.00111779024623867
cycle= 35 E= -106.879255062615  delta_E= -1.71e-13  |g|= 0.000494  |ddm|= 9.69e-12
  HOMO = -0.696807021508525  LUMO = -0.00111852692939435
Extra cycle  E= -106.879260310943  delta_E= -5.25e-06  |g|= 0.000266  |ddm|= 0.000395
converged SCF energy = -106.879260310943
**** MO energy ****
MO #1   energy= -26.3122272171403  occ= 2
MO #2   energy= -2.46104847501634  occ= 2
MO #3   energy= -1.60690750319814  occ= 2
MO #4   energy= -0.7139234013544   occ= 2
MO #5   energy= -0.696807021508526 occ= 2
MO #6   energy= -0.696807021508525 occ= 2
MO #7   energy= -0.00111852692939435 occ= 0
MO #8   energy= 0.0710829442055683 occ= 0
MO #9   energy= 0.0710829442055687 occ= 0
MO #10  energy= 0.135828456727987  occ= 0
MO #11  energy= 0.203519778424486  occ= 0
MO #12  energy= 0.239470603222626  occ= 0
MO #13  energy= 0.239470603222626  occ= 0
MO #14  energy= 0.443461797081457  occ= 0
MO #15  energy= 1.44711080077005   occ= 0
MO #16  energy= 1.44711080077006   occ= 0
MO #17  energy= 1.49141966324436   occ= 0
MO #18  energy= 1.89230888850512   occ= 0
 ** Mulliken pop  **
pop of  0 Li 1s        1.99415
pop of  0 Li 2s       -0.05453
pop of  0 Li 3s        0.01971
pop of  0 Li 2px       0.01479
pop of  0 Li 2py       0.01479
pop of  0 Li 2pz      -0.08003
pop of  0 Li 3px      -0.00055
pop of  0 Li 3py      -0.00055
pop of  0 Li 3pz       0.02388
pop of  1 F 1s        1.99779
pop of  1 F 2s        0.84759
pop of  1 F 3s        1.25158
pop of  1 F 2px       1.10068
pop of  1 F 2py       1.10068
pop of  1 F 2pz       1.09848
pop of  1 F 3px       0.88508
pop of  1 F 3py       0.88508
pop of  1 F 3pz       0.90138
 ** Mulliken atomic charges  **
charge of  0Li =      1.06833
charge of  1F =     -1.06833
Dipole moment(X, Y, Z, Debye):  0.00000, -0.00000, -7.33743
