#INFO: **** input file is /home/jluis/src/git/scripts/chf/test/chf.py ****
#!/usr/bin/env python

import numpy
from functools import reduce
from pyscf import gto, scf, lo, dft, lib
from pyscf.tools import wfn_format, molden

def get_pop(dm, s, lmultipliers):

    label = mol.spheric_labels(False)

    #pop = numpy.einsum('ij,ji->i', dm,s)
    #chg1 = numpy.zeros(mol.natm)
    #qq1 = numpy.zeros(mol.natm)
    #for i, s1 in enumerate(label):
    #    chg1[s1[0]] += pop[i]
    #for ia in range(mol.natm):
    #    symb = mol.atom_symbol(ia)
    #    qq1[ia] = mol.atom_charge(ia)-chg1[ia]
    #    lib.logger.info(mf, 'Pop, Q, of %d %s = %12.6f %12.6f' \
    #    % (ia+1, symb, chg1[ia], qq1[ia]))

    nao = dm.shape[0]
    fock = numpy.zeros_like(dm)
    for ia in range(mol.natm):
        g = numpy.zeros_like(dm)
        iden = numpy.zeros_like(dm)
        for i, s1 in enumerate(label):
            if (s1[0]==ia):
                iden[i,:] = 1.0
        iden = 0.5*(iden+iden.T)
        #print iden
        #tmp = numpy.einsum('ij,ji->ij',iden,s)
        #tmp = numpy.einsum('ij,ji->',tmp,dm)
        #lib.logger.info(mf, 'Pop of %d = %12.6f' % (ia+1, tmp))
        g = numpy.einsum('ij,ji->ij', iden,s)
        fock += lmultipliers[ia]*g

    return fock

def get_cfock(h1e, s1e, vhf, dm, cycle=0, mf_diis=None):
    fock = old_get_fock(h1e, s1e, vhf, dm, cycle, mf_diis)
    fock -= get_pop(dm, s1e, multiplicadores) 
    return fock

mol = gto.Mole()
mol.verbose = 4
mol.atom = '''
Li  0.000000000000000  0.000000000000000  0.000000000000000
F   0.000000000000000  0.000000000000000  1.563900000000000
'''
mol.basis = '6-31g'
mol.spin = 0
mol.charge = 0
mol.symmetry = 0
mol.build()

mf = scf.RHF(mol)
mf.verbose = 0
mf.kernel()
dm = mf.make_rdm1()

multiplicadores = numpy.zeros(mol.natm)

my_diis_obj = scf.ADIIS()
my_diis_obj.diis_space = 14

x = [-0.1, -0.2, -0.3, -0.4, -0.5, -0.6, -0.7, -0.8, -0.9, -1.0, 0.0,
0.1, 0.2, 0.3, 0.4, 0.5, 0.6, 0.7, 0.8, 0.9, 1.0]
x = numpy.asarray(x)
ehf = []

#for b in x:
#    multiplicadores = [0.0,b]

multiplicadores = [0.0,0.5]
mf = scf.RHF(mol)
mf.conv_tol = 1e-6
mf.max_cycle = 120
mf.diis = my_diis_obj
old_get_fock = mf.get_fock
mf.get_fock = get_cfock 
#mf.verbose = 3
ehf.append(mf.kernel(dm0=dm))
mf.analyze(with_meta_lowdin=False)
dm = mf.make_rdm1()

name = 'lif_0p5'    
wfn_file = name + '.wfn'
with open(wfn_file, 'w') as f2:
    wfn_format.write_mo(f2, mol, mf.mo_coeff[:,mf.mo_occ>0], \
    mo_occ=mf.mo_occ[mf.mo_occ>0], mo_energy=mf.mo_energy[mf.mo_occ>0])

#INFO: ******************** input file end ********************


System: ('Linux', 'silicio', '3.16.0-4-amd64', '#1 SMP Debian 3.16.51-3 (2017-12-13)', 'x86_64', '')  Threads 12
Python 2.7.15 (default, Oct 25 2018, 01:35:55) 
[GCC 8.2.0]
numpy 1.15.3  scipy 1.1.0
Date: Thu Nov  1 03:09:16 2018
PySCF version 1.6a
PySCF path  /home/jluis/src/pyscf/dev/pyscf
GIT ORIG_HEAD 090d7a77795211ecfcdfc6ced606736fde25d1c7
GIT HEAD      ref: refs/heads/dev
GIT dev branch  27eb228cd9fdd7aebc89cf429224ff485f9c21c4

[ENV] PYSCF_TMPDIR /scratch-ssd/jluis
[CONFIG] conf_file None
[INPUT] verbose = 4
[INPUT] num. atoms = 2
[INPUT] num. electrons = 12
[INPUT] charge = 0
[INPUT] spin (= nelec alpha-beta = 2S) = 0
[INPUT] symmetry 0 subgroup None
[INPUT] Mole.unit = angstrom
[INPUT]  1 Li     0.000000000000   0.000000000000   0.000000000000 AA    0.000000000000   0.000000000000   0.000000000000 Bohr
[INPUT]  2 F      0.000000000000   0.000000000000   1.563900000000 AA    0.000000000000   0.000000000000   2.955342686207 Bohr

nuclear repulsion = 9.13599635196624
number of shells = 10
number of NR pGTOs = 44
number of NR cGTOs = 18
basis = 6-31g
ecp = {}
CPU time:         0.34


******** <class 'pyscf.scf.hf.RHF'> ********
method = RHF
initial guess = minao
damping factor = 0
level shift factor = 0
DIIS = <pyscf.scf.diis.ADIIS object at 0x2b0a0b30f750>
DIIS start cycle = 1
DIIS space = 6
SCF tol = 1e-06
SCF gradient tol = None
max. SCF cycles = 120
direct_scf = True
direct_scf_tol = 1e-13
chkfile to save SCF result = /scratch-ssd/jluis/tmpxH2kPP
max_memory 4000 MB (current use 70 MB)
Set gradient conv threshold to 0.001
init E= -106.920889785846
  HOMO = -0.943873114927528  LUMO = 0.00372419810323608
cycle= 1 E= -106.860352121857  delta_E= 0.0605  |g|= 0.139  |ddm|= 1.02
  HOMO = -0.875667555647177  LUMO = -0.00138636861155569
cycle= 2 E= -106.842257544467  delta_E= 0.0181  |g|= 0.0445  |ddm|= 0.201
  HOMO = -0.875667555647177  LUMO = -0.00138636861155569
cycle= 3 E= -106.842257544467  delta_E=    0  |g|= 0.0445  |ddm|=    0
  HOMO = -0.875667555647177  LUMO = -0.00138636861155569
cycle= 4 E= -106.842257544467  delta_E=    0  |g|= 0.0445  |ddm|=    0
  HOMO = -0.875667555647177  LUMO = -0.00138636861155569
cycle= 5 E= -106.842257544467  delta_E=    0  |g|= 0.0445  |ddm|=    0
  HOMO = -0.875667555647177  LUMO = -0.00138636861155569
cycle= 6 E= -106.842257544467  delta_E=    0  |g|= 0.0445  |ddm|=    0
  HOMO = -0.875667555647177  LUMO = -0.00138636861155506
cycle= 7 E= -106.842257544467  delta_E= -2.84e-14  |g|= 0.0445  |ddm|= 6.19e-15
  HOMO = -0.898230691265757  LUMO = -0.0020428628594487
cycle= 8 E= -106.839175139403  delta_E= 0.00308  |g|= 0.0238  |ddm|= 0.0407
  HOMO = -0.898230691265757  LUMO = -0.0020428628594492
cycle= 9 E= -106.839175139403  delta_E= 2.84e-14  |g|= 0.0238  |ddm|= 1.5e-14
  HOMO = -0.898230691265757  LUMO = -0.0020428628594478
cycle= 10 E= -106.839175139403  delta_E=    0  |g|= 0.0238  |ddm|= 1.34e-14
  HOMO = -0.898230691265754  LUMO = -0.00204286285944796
cycle= 11 E= -106.839175139403  delta_E= -4.26e-14  |g|= 0.0238  |ddm|= 1.62e-14
  HOMO = -0.898230691265757  LUMO = -0.00204286285944676
cycle= 12 E= -106.839175139403  delta_E= 8.53e-14  |g|= 0.0238  |ddm|= 1.48e-14
  HOMO = -0.898230691265755  LUMO = -0.00204286285944781
cycle= 13 E= -106.839175139403  delta_E= -2.84e-14  |g|= 0.0238  |ddm|= 8.79e-15
  HOMO = -0.884537958302819  LUMO = -0.00216878775146047
cycle= 14 E= -106.838328569227  delta_E= 0.000847  |g|= 0.0117  |ddm|= 0.0213
  HOMO = -0.884537958302818  LUMO = -0.0021687877514597
cycle= 15 E= -106.838328569227  delta_E= 2.84e-14  |g|= 0.0117  |ddm|= 1.19e-14
  HOMO = -0.884537958302819  LUMO = -0.00216878775146003
cycle= 16 E= -106.838328569227  delta_E= -5.68e-14  |g|= 0.0117  |ddm|= 2.5e-14
  HOMO = -0.88453795830282  LUMO = -0.00216878775146128
cycle= 17 E= -106.838328569227  delta_E= -5.68e-14  |g|= 0.0117  |ddm|= 1.65e-14
  HOMO = -0.884537958302821  LUMO = -0.00216878775145984
cycle= 18 E= -106.838328569227  delta_E= 5.68e-14  |g|= 0.0117  |ddm|= 1.95e-14
  HOMO = -0.884537958302858  LUMO = -0.00216878775145967
cycle= 19 E= -106.838328569227  delta_E= 4.26e-14  |g|= 0.0117  |ddm|= 6.03e-14
  HOMO = -0.891303512176712  LUMO = -0.00220338089989884
cycle= 20 E= -106.838298669056  delta_E= 2.99e-05  |g|= 0.0062  |ddm|= 0.00959
  HOMO = -0.891303512176711  LUMO = -0.00220338089989991
cycle= 21 E= -106.838298669056  delta_E= 2.84e-14  |g|= 0.0062  |ddm|= 1.89e-14
  HOMO = -0.89130351217671  LUMO = -0.00220338089989947
cycle= 22 E= -106.838298669056  delta_E= -5.68e-14  |g|= 0.0062  |ddm|= 7.71e-15
  HOMO = -0.891303512170699  LUMO = -0.0022033808999062
cycle= 23 E= -106.838298669056  delta_E= 9.95e-14  |g|= 0.0062  |ddm|= 8.7e-12
  HOMO = -0.89130351212785  LUMO = -0.00220338089996134
cycle= 24 E= -106.838298669055  delta_E= 8.1e-13  |g|= 0.0062  |ddm|= 6.2e-11
  HOMO = -0.891303512168429  LUMO = -0.00220338089990956
cycle= 25 E= -106.838298669055  delta_E= -6.82e-13  |g|= 0.0062  |ddm|= 5.88e-11
  HOMO = -0.887730369524438  LUMO = -0.00220794369269402
cycle= 26 E= -106.838219067207  delta_E= 7.96e-05  |g|= 0.00319  |ddm|= 0.00518
  HOMO = -0.887730369525525  LUMO = -0.00220794369269646
cycle= 27 E= -106.838219067207  delta_E= -8.53e-14  |g|= 0.00319  |ddm|= 1.55e-12
  HOMO = -0.887730369527156  LUMO = -0.00220794369269837
cycle= 28 E= -106.838219067207  delta_E= 8.53e-14  |g|= 0.00319  |ddm|= 2.33e-12
  HOMO = -0.887730369529875  LUMO = -0.00220794369270039
cycle= 29 E= -106.838219067207  delta_E= -2.84e-14  |g|= 0.00319  |ddm|= 3.88e-12
  HOMO = -0.887730369533769  LUMO = -0.00220794369270849
cycle= 30 E= -106.838219067207  delta_E= 2.84e-14  |g|= 0.00319  |ddm|= 5.56e-12
  HOMO = -0.887730369526751  LUMO = -0.00220794369269764
cycle= 31 E= -106.838219067207  delta_E= -2.84e-14  |g|= 0.00319  |ddm|= 1e-11
  HOMO = -0.889576542829518  LUMO = -0.00221090490764318
cycle= 32 E= -106.838240767463  delta_E= -2.17e-05  |g|= 0.00166  |ddm|= 0.00263
  HOMO = -0.888617493714719  LUMO = -0.00221062438209863
cycle= 33 E= -106.83822532347  delta_E= 1.54e-05  |g|= 0.000861  |ddm|= 0.00138
  HOMO = -0.888617493714627  LUMO = -0.00221062438209831
cycle= 34 E= -106.83822532347  delta_E= -7.11e-14  |g|= 0.000861  |ddm|= 1.38e-13
  HOMO = -0.889115681284559  LUMO = -0.00221106629820521
Extra cycle  E= -106.838232431968  delta_E= -7.11e-06  |g|= 0.000447  |ddm|= 0.000713
converged SCF energy = -106.838232431968
**** MO energy ****
MO #1   energy= -26.5044069772374  occ= 2
MO #2   energy= -2.46887102284551  occ= 2
MO #3   energy= -1.80876751376183  occ= 2
MO #4   energy= -0.905919957240203 occ= 2
MO #5   energy= -0.889115681284559 occ= 2
MO #6   energy= -0.889115681284559 occ= 2
MO #7   energy= -0.00221106629820521 occ= 0
MO #8   energy= 0.0706453080924118 occ= 0
MO #9   energy= 0.0706453080924125 occ= 0
MO #10  energy= 0.137837085316537  occ= 0
MO #11  energy= 0.20403253670706   occ= 0
MO #12  energy= 0.239011675751497  occ= 0
MO #13  energy= 0.239011675751498  occ= 0
MO #14  energy= 0.467275745222006  occ= 0
MO #15  energy= 1.25261185792544   occ= 0
MO #16  energy= 1.25261185792545   occ= 0
MO #17  energy= 1.29880183452766   occ= 0
MO #18  energy= 1.68686749949361   occ= 0
 ** Mulliken pop  **
pop of  0 Li 1s        1.99040
pop of  0 Li 2s       -0.09340
pop of  0 Li 3s        0.03103
pop of  0 Li 2px      -0.00277
pop of  0 Li 2py      -0.00277
pop of  0 Li 2pz      -0.12821
pop of  0 Li 3px       0.00170
pop of  0 Li 3py       0.00170
pop of  0 Li 3pz       0.02920
pop of  1 F 1s        1.99779
pop of  1 F 2s        0.81316
pop of  1 F 3s        1.33502
pop of  1 F 2px       1.10392
pop of  1 F 2py       1.10392
pop of  1 F 2pz       1.09685
pop of  1 F 3px       0.89715
pop of  1 F 3py       0.89715
pop of  1 F 3pz       0.92815
 ** Mulliken atomic charges  **
charge of  0Li =      1.17311
charge of  1F =     -1.17311
Dipole moment(X, Y, Z, Debye):  0.00000,  0.00000, -7.46083
