#INFO: **** input file is /home/jluis/src/git/scripts/chf/test/chf.py ****
#!/usr/bin/env python

import numpy
from functools import reduce
from pyscf import gto, scf, lo, dft, lib
from pyscf.tools import wfn_format, molden

def get_pop(dm, s, lmultipliers):

    label = mol.spheric_labels(False)

    #pop = numpy.einsum('ij,ji->i', dm,s)
    #chg1 = numpy.zeros(mol.natm)
    #qq1 = numpy.zeros(mol.natm)
    #for i, s1 in enumerate(label):
    #    chg1[s1[0]] += pop[i]
    #for ia in range(mol.natm):
    #    symb = mol.atom_symbol(ia)
    #    qq1[ia] = mol.atom_charge(ia)-chg1[ia]
    #    lib.logger.info(mf, 'Pop, Q, of %d %s = %12.6f %12.6f' \
    #    % (ia+1, symb, chg1[ia], qq1[ia]))

    nao = dm.shape[0]
    fock = numpy.zeros_like(dm)
    for ia in range(mol.natm):
        g = numpy.zeros_like(dm)
        iden = numpy.zeros_like(dm)
        for i, s1 in enumerate(label):
            if (s1[0]==ia):
                iden[i,:] = 1.0
        iden = 0.5*(iden+iden.T)
        #print iden
        #tmp = numpy.einsum('ij,ji->ij',iden,s)
        #tmp = numpy.einsum('ij,ji->',tmp,dm)
        #lib.logger.info(mf, 'Pop of %d = %12.6f' % (ia+1, tmp))
        g = numpy.einsum('ij,ji->ij', iden,s)
        fock += lmultipliers[ia]*g

    return fock

def get_cfock(h1e, s1e, vhf, dm, cycle=0, mf_diis=None):
    fock = old_get_fock(h1e, s1e, vhf, dm, cycle, mf_diis)
    fock -= get_pop(dm, s1e, multiplicadores) 
    return fock

mol = gto.Mole()
mol.verbose = 4
mol.atom = '''
Li  0.000000000000000  0.000000000000000  0.000000000000000
F   0.000000000000000  0.000000000000000  1.563900000000000
'''
mol.basis = '6-31g'
mol.spin = 0
mol.charge = 0
mol.symmetry = 0
mol.build()

mf = scf.RHF(mol)
mf.verbose = 0
mf.kernel()
dm = mf.make_rdm1()

multiplicadores = numpy.zeros(mol.natm)

my_diis_obj = scf.ADIIS()
my_diis_obj.diis_space = 14

x = [-0.1, -0.2, -0.3, -0.4, -0.5, -0.6, -0.7, -0.8, -0.9, -1.0, 0.0,
0.1, 0.2, 0.3, 0.4, 0.5, 0.6, 0.7, 0.8, 0.9, 1.0]
x = numpy.asarray(x)
ehf = []

#for b in x:
#    multiplicadores = [0.0,b]

multiplicadores = [0.0,0.2]
mf = scf.RHF(mol)
mf.conv_tol = 1e-6
mf.max_cycle = 120
mf.diis = my_diis_obj
old_get_fock = mf.get_fock
mf.get_fock = get_cfock 
#mf.verbose = 3
ehf.append(mf.kernel(dm0=dm))
mf.analyze(with_meta_lowdin=False)
dm = mf.make_rdm1()

name = 'lif_0p2'    
wfn_file = name + '.wfn'
with open(wfn_file, 'w') as f2:
    wfn_format.write_mo(f2, mol, mf.mo_coeff[:,mf.mo_occ>0], \
    mo_occ=mf.mo_occ[mf.mo_occ>0], mo_energy=mf.mo_energy[mf.mo_occ>0])

#INFO: ******************** input file end ********************


System: ('Linux', 'silicio', '3.16.0-4-amd64', '#1 SMP Debian 3.16.51-3 (2017-12-13)', 'x86_64', '')  Threads 12
Python 2.7.15 (default, Oct 25 2018, 01:35:55) 
[GCC 8.2.0]
numpy 1.15.3  scipy 1.1.0
Date: Thu Nov  1 03:08:27 2018
PySCF version 1.6a
PySCF path  /home/jluis/src/pyscf/dev/pyscf
GIT ORIG_HEAD 090d7a77795211ecfcdfc6ced606736fde25d1c7
GIT HEAD      ref: refs/heads/dev
GIT dev branch  27eb228cd9fdd7aebc89cf429224ff485f9c21c4

[ENV] PYSCF_TMPDIR /scratch-ssd/jluis
[CONFIG] conf_file None
[INPUT] verbose = 4
[INPUT] num. atoms = 2
[INPUT] num. electrons = 12
[INPUT] charge = 0
[INPUT] spin (= nelec alpha-beta = 2S) = 0
[INPUT] symmetry 0 subgroup None
[INPUT] Mole.unit = angstrom
[INPUT]  1 Li     0.000000000000   0.000000000000   0.000000000000 AA    0.000000000000   0.000000000000   0.000000000000 Bohr
[INPUT]  2 F      0.000000000000   0.000000000000   1.563900000000 AA    0.000000000000   0.000000000000   2.955342686207 Bohr

nuclear repulsion = 9.13599635196624
number of shells = 10
number of NR pGTOs = 44
number of NR cGTOs = 18
basis = 6-31g
ecp = {}
CPU time:         0.34


******** <class 'pyscf.scf.hf.RHF'> ********
method = RHF
initial guess = minao
damping factor = 0
level shift factor = 0
DIIS = <pyscf.scf.diis.ADIIS object at 0x2ac47fda7750>
DIIS start cycle = 1
DIIS space = 6
SCF tol = 1e-06
SCF gradient tol = None
max. SCF cycles = 120
direct_scf = True
direct_scf_tol = 1e-13
chkfile to save SCF result = /scratch-ssd/jluis/tmp7GvtOL
max_memory 4000 MB (current use 71 MB)
Set gradient conv threshold to 0.001
init E= -106.920889785846
  HOMO = -0.647126183616077  LUMO = 0.00381614379993054
cycle= 1 E= -106.904820038917  delta_E= 0.0161  |g|= 0.0804  |ddm|= 0.495
  HOMO = -0.600096846230631  LUMO = 0.000653102717818995
cycle= 2 E= -106.900583421192  delta_E= 0.00424  |g|= 0.029  |ddm|= 0.0976
  HOMO = -0.600096846230631  LUMO = 0.000653102717818995
cycle= 3 E= -106.900583421192  delta_E=    0  |g|= 0.029  |ddm|=    0
  HOMO = -0.600096846230631  LUMO = 0.000653102717818995
cycle= 4 E= -106.900583421192  delta_E=    0  |g|= 0.029  |ddm|=    0
  HOMO = -0.600096846230631  LUMO = 0.000653102717818995
cycle= 5 E= -106.900583421192  delta_E=    0  |g|= 0.029  |ddm|=    0
  HOMO = -0.600096846230631  LUMO = 0.000653102717818995
cycle= 6 E= -106.900583421192  delta_E=    0  |g|= 0.029  |ddm|=    0
  HOMO = -0.600096846230631  LUMO = 0.000653102717818868
cycle= 7 E= -106.900583421192  delta_E= 5.68e-14  |g|= 0.029  |ddm|= 1.46e-14
  HOMO = -0.614449806186882  LUMO = 0.000150114654932301
cycle= 8 E= -106.898783030038  delta_E= 0.0018  |g|= 0.0181  |ddm|= 0.0308
  HOMO = -0.614449806186882  LUMO = 0.000150114654931212
cycle= 9 E= -106.898783030038  delta_E= 1.42e-14  |g|= 0.0181  |ddm|= 1.43e-14
  HOMO = -0.614449806186882  LUMO = 0.000150114654932174
cycle= 10 E= -106.898783030038  delta_E= -1.42e-14  |g|= 0.0181  |ddm|= 1.42e-14
  HOMO = -0.614449806186883  LUMO = 0.000150114654932937
cycle= 11 E= -106.898783030038  delta_E= 4.26e-14  |g|= 0.0181  |ddm|= 2.99e-14
  HOMO = -0.61444980618688  LUMO = 0.000150114654934413
cycle= 12 E= -106.898783030038  delta_E= 4.26e-14  |g|= 0.0181  |ddm|= 1.9e-14
  HOMO = -0.614449806186889  LUMO = 0.000150114654931222
cycle= 13 E= -106.898783030038  delta_E= -8.53e-14  |g|= 0.0181  |ddm|= 1.96e-14
  HOMO = -0.603857636292808  LUMO = -5.93487940792973e-05
cycle= 14 E= -106.898794149183  delta_E= -1.11e-05  |g|= 0.00945  |ddm|= 0.0145
  HOMO = -0.607385100146399  LUMO = -6.76213757232415e-05
cycle= 15 E= -106.898643555152  delta_E= 0.000151  |g|= 0.00051  |ddm|= 0.00508
  HOMO = -0.607385062188783  LUMO = -6.76212868690703e-05
cycle= 16 E= -106.898643556911  delta_E= -1.76e-09  |g|= 0.00051  |ddm|= 5.46e-08
  HOMO = -0.607186513695325  LUMO = -9.03624270262708e-05
Extra cycle  E= -106.898605662849  delta_E= 3.79e-05  |g|= 0.000153  |ddm|= 0.00063
converged SCF energy = -106.898605662849
**** MO energy ****
MO #1   energy= -26.2265176736144  occ= 2
MO #2   energy= -2.45699947390398  occ= 2
MO #3   energy= -1.51394449646512  occ= 2
MO #4   energy= -0.62478182530933  occ= 2
MO #5   energy= -0.607186513695328 occ= 2
MO #6   energy= -0.607186513695325 occ= 2
MO #7   energy= -9.03624270262708e-05 occ= 0
MO #8   energy= 0.0715907814997825 occ= 0
MO #9   energy= 0.0715907814997832 occ= 0
MO #10  energy= 0.134180278425514  occ= 0
MO #11  energy= 0.203643035301213  occ= 0
MO #12  energy= 0.240097708074311  occ= 0
MO #13  energy= 0.240097708074312  occ= 0
MO #14  energy= 0.431229402565627  occ= 0
MO #15  energy= 1.53898833092724   occ= 0
MO #16  energy= 1.53898833092725   occ= 0
MO #17  energy= 1.58251808066137   occ= 0
MO #18  energy= 1.99222495623594   occ= 0
 ** Mulliken pop  **
pop of  0 Li 1s        1.99584
pop of  0 Li 2s       -0.02746
pop of  0 Li 3s        0.01217
pop of  0 Li 2px       0.03031
pop of  0 Li 2py       0.03031
pop of  0 Li 2pz      -0.04814
pop of  0 Li 3px      -0.00226
pop of  0 Li 3py      -0.00226
pop of  0 Li 3pz       0.02132
pop of  1 F 1s        1.99778
pop of  1 F 2s        0.86606
pop of  1 F 3s        1.20136
pop of  1 F 2px       1.09814
pop of  1 F 2py       1.09814
pop of  1 F 2pz       1.09909
pop of  1 F 3px       0.87381
pop of  1 F 3py       0.87381
pop of  1 F 3pz       0.88200
 ** Mulliken atomic charges  **
charge of  0Li =      0.99017
charge of  1F =     -0.99017
Dipole moment(X, Y, Z, Debye): -0.00000, -0.00000, -7.19022
