#INFO: **** input file is /home/jluis/src/git/scripts/chf/test/chf.py ****
#!/usr/bin/env python

import numpy
from functools import reduce
from pyscf import gto, scf, lo, dft, lib
from pyscf.tools import wfn_format, molden

def get_pop(dm, s, lmultipliers):

    label = mol.spheric_labels(False)

    #pop = numpy.einsum('ij,ji->i', dm,s)
    #chg1 = numpy.zeros(mol.natm)
    #qq1 = numpy.zeros(mol.natm)
    #for i, s1 in enumerate(label):
    #    chg1[s1[0]] += pop[i]
    #for ia in range(mol.natm):
    #    symb = mol.atom_symbol(ia)
    #    qq1[ia] = mol.atom_charge(ia)-chg1[ia]
    #    lib.logger.info(mf, 'Pop, Q, of %d %s = %12.6f %12.6f' \
    #    % (ia+1, symb, chg1[ia], qq1[ia]))

    nao = dm.shape[0]
    fock = numpy.zeros_like(dm)
    for ia in range(mol.natm):
        g = numpy.zeros_like(dm)
        iden = numpy.zeros_like(dm)
        for i, s1 in enumerate(label):
            if (s1[0]==ia):
                iden[i,:] = 1.0
        iden = 0.5*(iden+iden.T)
        #print iden
        #tmp = numpy.einsum('ij,ji->ij',iden,s)
        #tmp = numpy.einsum('ij,ji->',tmp,dm)
        #lib.logger.info(mf, 'Pop of %d = %12.6f' % (ia+1, tmp))
        g = numpy.einsum('ij,ji->ij', iden,s)
        fock += lmultipliers[ia]*g

    return fock

def get_cfock(h1e, s1e, vhf, dm, cycle=0, mf_diis=None):
    fock = old_get_fock(h1e, s1e, vhf, dm, cycle, mf_diis)
    fock -= get_pop(dm, s1e, multiplicadores) 
    return fock

mol = gto.Mole()
mol.verbose = 4
mol.atom = '''
Li  0.000000000000000  0.000000000000000  0.000000000000000
F   0.000000000000000  0.000000000000000  1.563900000000000
'''
mol.basis = '6-31g'
mol.spin = 0
mol.charge = 0
mol.symmetry = 0
mol.build()

mf = scf.RHF(mol)
mf.verbose = 0
mf.kernel()
dm = mf.make_rdm1()

multiplicadores = numpy.zeros(mol.natm)

my_diis_obj = scf.ADIIS()
my_diis_obj.diis_space = 14

x = [-0.1, -0.2, -0.3, -0.4, -0.5, -0.6, -0.7, -0.8, -0.9, -1.0, 0.0,
0.1, 0.2, 0.3, 0.4, 0.5, 0.6, 0.7, 0.8, 0.9, 1.0]
x = numpy.asarray(x)
ehf = []

#for b in x:
#    multiplicadores = [0.0,b]

multiplicadores = [0.0,0.1]
mf = scf.RHF(mol)
mf.conv_tol = 1e-6
mf.max_cycle = 120
mf.diis = my_diis_obj
old_get_fock = mf.get_fock
mf.get_fock = get_cfock 
#mf.verbose = 3
ehf.append(mf.kernel(dm0=dm))
mf.analyze(with_meta_lowdin=False)
dm = mf.make_rdm1()

name = 'lif_0p1'    
wfn_file = name + '.wfn'
with open(wfn_file, 'w') as f2:
    wfn_format.write_mo(f2, mol, mf.mo_coeff[:,mf.mo_occ>0], \
    mo_occ=mf.mo_occ[mf.mo_occ>0], mo_energy=mf.mo_energy[mf.mo_occ>0])

#INFO: ******************** input file end ********************


System: ('Linux', 'silicio', '3.16.0-4-amd64', '#1 SMP Debian 3.16.51-3 (2017-12-13)', 'x86_64', '')  Threads 12
Python 2.7.15 (default, Oct 25 2018, 01:35:55) 
[GCC 8.2.0]
numpy 1.15.3  scipy 1.1.0
Date: Thu Nov  1 03:08:12 2018
PySCF version 1.6a
PySCF path  /home/jluis/src/pyscf/dev/pyscf
GIT ORIG_HEAD 090d7a77795211ecfcdfc6ced606736fde25d1c7
GIT HEAD      ref: refs/heads/dev
GIT dev branch  27eb228cd9fdd7aebc89cf429224ff485f9c21c4

[ENV] PYSCF_TMPDIR /scratch-ssd/jluis
[CONFIG] conf_file None
[INPUT] verbose = 4
[INPUT] num. atoms = 2
[INPUT] num. electrons = 12
[INPUT] charge = 0
[INPUT] spin (= nelec alpha-beta = 2S) = 0
[INPUT] symmetry 0 subgroup None
[INPUT] Mole.unit = angstrom
[INPUT]  1 Li     0.000000000000   0.000000000000   0.000000000000 AA    0.000000000000   0.000000000000   0.000000000000 Bohr
[INPUT]  2 F      0.000000000000   0.000000000000   1.563900000000 AA    0.000000000000   0.000000000000   2.955342686207 Bohr

nuclear repulsion = 9.13599635196624
number of shells = 10
number of NR pGTOs = 44
number of NR cGTOs = 18
basis = 6-31g
ecp = {}
CPU time:         0.34


******** <class 'pyscf.scf.hf.RHF'> ********
method = RHF
initial guess = minao
damping factor = 0
level shift factor = 0
DIIS = <pyscf.scf.diis.ADIIS object at 0x2b4bda87a750>
DIIS start cycle = 1
DIIS space = 6
SCF tol = 1e-06
SCF gradient tol = None
max. SCF cycles = 120
direct_scf = True
direct_scf_tol = 1e-13
chkfile to save SCF result = /scratch-ssd/jluis/tmp6otlM6
max_memory 4000 MB (current use 70 MB)
Set gradient conv threshold to 0.001
init E= -106.920889785846
  HOMO = -0.549409826788672  LUMO = 0.00384621149352506
cycle= 1 E= -106.915887798408  delta_E= 0.005  |g|= 0.0471  |ddm|= 0.269
  HOMO = -0.520455783171308  LUMO = 0.00196169304458234
cycle= 2 E= -106.914848105416  delta_E= 0.00104  |g|= 0.0184  |ddm|= 0.0508
  HOMO = -0.520455783171308  LUMO = 0.00196169304458234
cycle= 3 E= -106.914848105416  delta_E=    0  |g|= 0.0184  |ddm|=    0
  HOMO = -0.520455783171308  LUMO = 0.00196169304458234
cycle= 4 E= -106.914848105416  delta_E=    0  |g|= 0.0184  |ddm|=    0
  HOMO = -0.520455783171308  LUMO = 0.00196169304458234
cycle= 5 E= -106.914848105416  delta_E=    0  |g|= 0.0184  |ddm|=    0
  HOMO = -0.520455783171308  LUMO = 0.00196169304458234
cycle= 6 E= -106.914848105416  delta_E=    0  |g|= 0.0184  |ddm|=    0
  HOMO = -0.52045578317131  LUMO = 0.00196169304458201
cycle= 7 E= -106.914848105416  delta_E= 1.42e-14  |g|= 0.0184  |ddm|= 2.62e-14
  HOMO = -0.529665786647935  LUMO = 0.00168011968208868
cycle= 8 E= -106.914120795256  delta_E= 0.000727  |g|= 0.0125  |ddm|= 0.0204
  HOMO = -0.529665786647935  LUMO = 0.00168011968209066
cycle= 9 E= -106.914120795256  delta_E= 4.26e-14  |g|= 0.0125  |ddm|= 1.71e-14
  HOMO = -0.529665786647934  LUMO = 0.0016801196820884
cycle= 10 E= -106.914120795256  delta_E= -8.53e-14  |g|= 0.0125  |ddm|= 2.21e-14
  HOMO = -0.529665786647911  LUMO = 0.00168011968209046
cycle= 11 E= -106.914120795256  delta_E= -2.84e-14  |g|= 0.0125  |ddm|= 2.99e-14
  HOMO = -0.529665786647935  LUMO = 0.00168011968208975
cycle= 12 E= -106.914120795256  delta_E= 4.26e-14  |g|= 0.0125  |ddm|= 3.29e-14
  HOMO = -0.529665786647894  LUMO = 0.00168011968209083
cycle= 13 E= -106.914120795256  delta_E= -5.68e-14  |g|= 0.0125  |ddm|= 5.92e-14
  HOMO = -0.522346542967682  LUMO = 0.0015097710401067
cycle= 14 E= -106.914234207824  delta_E= -0.000113  |g|= 0.00699  |ddm|= 0.0102
  HOMO = -0.5263478573638  LUMO = 0.00151874312741725
cycle= 15 E= -106.914089864073  delta_E= 0.000144  |g|= 0.00433  |ddm|= 0.00603
  HOMO = -0.526347857363779  LUMO = 0.00151874312741738
cycle= 16 E= -106.914089864073  delta_E= -5.68e-14  |g|= 0.00433  |ddm|= 5.45e-14
  HOMO = -0.526347857363664  LUMO = 0.00151874312741789
cycle= 17 E= -106.914089864073  delta_E= 2.84e-14  |g|= 0.00433  |ddm|= 1.71e-13
  HOMO = -0.526347857363557  LUMO = 0.00151874312742036
cycle= 18 E= -106.914089864073  delta_E= -1.99e-13  |g|= 0.00433  |ddm|= 1.78e-13
  HOMO = -0.526347857363431  LUMO = 0.00151874312741532
cycle= 19 E= -106.914089864073  delta_E= 7.11e-14  |g|= 0.00433  |ddm|= 1.81e-13
  HOMO = -0.526347857363813  LUMO = 0.00151874312741644
cycle= 20 E= -106.914089864073  delta_E= 9.95e-14  |g|= 0.00433  |ddm|= 5.64e-13
  HOMO = -0.523846469052395  LUMO = 0.00148679325160168
cycle= 21 E= -106.914157708472  delta_E= -6.78e-05  |g|= 0.00257  |ddm|= 0.00365
  HOMO = -0.525328079655772  LUMO = 0.00149800162389383
cycle= 22 E= -106.914112023618  delta_E= 4.57e-05  |g|= 0.00155  |ddm|= 0.00216
  HOMO = -0.525328079656275  LUMO = 0.00149800162389797
cycle= 23 E= -106.914112023618  delta_E= 1.42e-13  |g|= 0.00155  |ddm|= 7.38e-13
  HOMO = -0.525328079655532  LUMO = 0.00149800162389039
cycle= 24 E= -106.914112023618  delta_E= 2.84e-14  |g|= 0.00155  |ddm|= 1.09e-12
  HOMO = -0.525328079656188  LUMO = 0.00149800162389656
cycle= 25 E= -106.914112023618  delta_E=    0  |g|= 0.00155  |ddm|= 9.66e-13
  HOMO = -0.525328079656195  LUMO = 0.00149800162389732
cycle= 26 E= -106.914112023618  delta_E= -5.68e-14  |g|= 0.00155  |ddm|= 2.93e-14
  HOMO = -0.525328079654011  LUMO = 0.00149800162387414
cycle= 27 E= -106.914112023618  delta_E= -8.53e-14  |g|= 0.00155  |ddm|= 3.21e-12
  HOMO = -0.524431666683914  LUMO = 0.00148876762687014
cycle= 28 E= -106.914138166597  delta_E= -2.61e-05  |g|= 0.000931  |ddm|= 0.00132
  HOMO = -0.524969407917085  LUMO = 0.00149351065423503
cycle= 29 E= -106.914122069501  delta_E= 1.61e-05  |g|= 0.000561  |ddm|= 0.000785
  HOMO = -0.524969407914741  LUMO = 0.00149351065421386
cycle= 30 E= -106.914122069501  delta_E= -7.11e-14  |g|= 0.000561  |ddm|= 3.44e-12
  HOMO = -0.524645742922933  LUMO = 0.00149038851490827
Extra cycle  E= -106.914131637313  delta_E= -9.57e-06  |g|= 0.000337  |ddm|= 0.000474
converged SCF energy = -106.914131637313
**** MO energy ****
MO #1   energy= -26.1515721777782  occ= 2
MO #2   energy= -2.45273578524424  occ= 2
MO #3   energy= -1.42948254863505  occ= 2
MO #4   energy= -0.543112350649146 occ= 2
MO #5   energy= -0.524645742922937 occ= 2
MO #6   energy= -0.524645742922933 occ= 2
MO #7   energy= 0.00149038851490827 occ= 0
MO #8   energy= 0.0724424559803609 occ= 0
MO #9   energy= 0.072442455980362  occ= 0
MO #10  energy= 0.131812700150846  occ= 0
MO #11  energy= 0.204245405109688  occ= 0
MO #12  energy= 0.241140139274704  occ= 0
MO #13  energy= 0.241140139274705  occ= 0
MO #14  energy= 0.419389006803765  occ= 0
MO #15  energy= 1.62473943592237   occ= 0
MO #16  energy= 1.62473943592237   occ= 0
MO #17  energy= 1.66744160923146   occ= 0
MO #18  energy= 2.08760068635834   occ= 0
 ** Mulliken pop  **
pop of  0 Li 1s        1.99743
pop of  0 Li 2s        0.00720
pop of  0 Li 3s        0.00264
pop of  0 Li 2px       0.05358
pop of  0 Li 2py       0.05358
pop of  0 Li 2pz      -0.00975
pop of  0 Li 3px      -0.00442
pop of  0 Li 3py      -0.00442
pop of  0 Li 3pz       0.01931
pop of  1 F 1s        1.99777
pop of  1 F 2s        0.88570
pop of  1 F 3s        1.14385
pop of  1 F 2px       1.09414
pop of  1 F 2py       1.09414
pop of  1 F 2pz       1.09930
pop of  1 F 3px       0.85670
pop of  1 F 3py       0.85670
pop of  1 F 3pz       0.85655
 ** Mulliken atomic charges  **
charge of  0Li =      0.88485
charge of  1F =     -0.88485
Dipole moment(X, Y, Z, Debye):  0.00000, -0.00000, -6.93632
